Archive member included to satisfy reference by file (symbol)

f:/iti_course/embedded (turkey)/discovery/tools/arm gcc/bin/../lib/gcc/arm-none-eabi/5.4.1/../../../../arm-none-eabi/lib/armv7e-m\libg_nano.a(lib_a-errno.o)
                              ./system/src/newlib/_sbrk.o (__errno)
f:/iti_course/embedded (turkey)/discovery/tools/arm gcc/bin/../lib/gcc/arm-none-eabi/5.4.1/../../../../arm-none-eabi/lib/armv7e-m\libg_nano.a(lib_a-impure.o)
                              f:/iti_course/embedded (turkey)/discovery/tools/arm gcc/bin/../lib/gcc/arm-none-eabi/5.4.1/../../../../arm-none-eabi/lib/armv7e-m\libg_nano.a(lib_a-errno.o) (_impure_ptr)
f:/iti_course/embedded (turkey)/discovery/tools/arm gcc/bin/../lib/gcc/arm-none-eabi/5.4.1/../../../../arm-none-eabi/lib/armv7e-m\libg_nano.a(lib_a-strlen.o)
                              ./system/src/diag/Trace.o (strlen)
f:/iti_course/embedded (turkey)/discovery/tools/arm gcc/bin/../lib/gcc/arm-none-eabi/5.4.1/../../../../arm-none-eabi/lib/armv7e-m\libg_nano.a(lib_a-vsnprintf.o)
                              ./system/src/diag/Trace.o (vsnprintf)
f:/iti_course/embedded (turkey)/discovery/tools/arm gcc/bin/../lib/gcc/arm-none-eabi/5.4.1/../../../../arm-none-eabi/lib/armv7e-m\libg_nano.a(lib_a-nano-svfprintf.o)
                              f:/iti_course/embedded (turkey)/discovery/tools/arm gcc/bin/../lib/gcc/arm-none-eabi/5.4.1/../../../../arm-none-eabi/lib/armv7e-m\libg_nano.a(lib_a-vsnprintf.o) (_svfprintf_r)
f:/iti_course/embedded (turkey)/discovery/tools/arm gcc/bin/../lib/gcc/arm-none-eabi/5.4.1/../../../../arm-none-eabi/lib/armv7e-m\libg_nano.a(lib_a-nano-vfprintf_i.o)
                              f:/iti_course/embedded (turkey)/discovery/tools/arm gcc/bin/../lib/gcc/arm-none-eabi/5.4.1/../../../../arm-none-eabi/lib/armv7e-m\libg_nano.a(lib_a-nano-svfprintf.o) (_printf_i)
f:/iti_course/embedded (turkey)/discovery/tools/arm gcc/bin/../lib/gcc/arm-none-eabi/5.4.1/../../../../arm-none-eabi/lib/armv7e-m\libg_nano.a(lib_a-memchr.o)
                              f:/iti_course/embedded (turkey)/discovery/tools/arm gcc/bin/../lib/gcc/arm-none-eabi/5.4.1/../../../../arm-none-eabi/lib/armv7e-m\libg_nano.a(lib_a-nano-svfprintf.o) (memchr)
f:/iti_course/embedded (turkey)/discovery/tools/arm gcc/bin/../lib/gcc/arm-none-eabi/5.4.1/../../../../arm-none-eabi/lib/armv7e-m\libg_nano.a(lib_a-memcpy-stub.o)
                              f:/iti_course/embedded (turkey)/discovery/tools/arm gcc/bin/../lib/gcc/arm-none-eabi/5.4.1/../../../../arm-none-eabi/lib/armv7e-m\libg_nano.a(lib_a-nano-svfprintf.o) (memcpy)
f:/iti_course/embedded (turkey)/discovery/tools/arm gcc/bin/../lib/gcc/arm-none-eabi/5.4.1/../../../../arm-none-eabi/lib/armv7e-m\libg_nano.a(lib_a-memmove.o)
                              f:/iti_course/embedded (turkey)/discovery/tools/arm gcc/bin/../lib/gcc/arm-none-eabi/5.4.1/../../../../arm-none-eabi/lib/armv7e-m\libg_nano.a(lib_a-nano-svfprintf.o) (memmove)
f:/iti_course/embedded (turkey)/discovery/tools/arm gcc/bin/../lib/gcc/arm-none-eabi/5.4.1/../../../../arm-none-eabi/lib/armv7e-m\libg_nano.a(lib_a-nano-freer.o)
                              f:/iti_course/embedded (turkey)/discovery/tools/arm gcc/bin/../lib/gcc/arm-none-eabi/5.4.1/../../../../arm-none-eabi/lib/armv7e-m\libg_nano.a(lib_a-nano-svfprintf.o) (_free_r)
f:/iti_course/embedded (turkey)/discovery/tools/arm gcc/bin/../lib/gcc/arm-none-eabi/5.4.1/../../../../arm-none-eabi/lib/armv7e-m\libg_nano.a(lib_a-nano-mallocr.o)
                              f:/iti_course/embedded (turkey)/discovery/tools/arm gcc/bin/../lib/gcc/arm-none-eabi/5.4.1/../../../../arm-none-eabi/lib/armv7e-m\libg_nano.a(lib_a-nano-svfprintf.o) (_malloc_r)
f:/iti_course/embedded (turkey)/discovery/tools/arm gcc/bin/../lib/gcc/arm-none-eabi/5.4.1/../../../../arm-none-eabi/lib/armv7e-m\libg_nano.a(lib_a-nano-reallocr.o)
                              f:/iti_course/embedded (turkey)/discovery/tools/arm gcc/bin/../lib/gcc/arm-none-eabi/5.4.1/../../../../arm-none-eabi/lib/armv7e-m\libg_nano.a(lib_a-nano-svfprintf.o) (_realloc_r)
f:/iti_course/embedded (turkey)/discovery/tools/arm gcc/bin/../lib/gcc/arm-none-eabi/5.4.1/../../../../arm-none-eabi/lib/armv7e-m\libg_nano.a(lib_a-sbrkr.o)
                              f:/iti_course/embedded (turkey)/discovery/tools/arm gcc/bin/../lib/gcc/arm-none-eabi/5.4.1/../../../../arm-none-eabi/lib/armv7e-m\libg_nano.a(lib_a-nano-mallocr.o) (_sbrk_r)
f:/iti_course/embedded (turkey)/discovery/tools/arm gcc/bin/../lib/gcc/arm-none-eabi/5.4.1/../../../../arm-none-eabi/lib/armv7e-m\libg_nano.a(lib_a-mlock.o)
                              f:/iti_course/embedded (turkey)/discovery/tools/arm gcc/bin/../lib/gcc/arm-none-eabi/5.4.1/../../../../arm-none-eabi/lib/armv7e-m\libg_nano.a(lib_a-nano-freer.o) (__malloc_lock)
f:/iti_course/embedded (turkey)/discovery/tools/arm gcc/bin/../lib/gcc/arm-none-eabi/5.4.1/../../../../arm-none-eabi/lib/armv7e-m\libg_nano.a(lib_a-nano-msizer.o)
[...]
Memory Configuration

Name             Origin             Length             Attributes
RAM              0x20000000         0x00020000         xrw
CCMRAM           0x10000000         0x00010000         xrw
FLASH            0x08000000         0x00100000         xr
FLASHB1          0x00000000         0x00000000         xr
EXTMEMB0         0x00000000         0x00000000         xr
EXTMEMB1         0x00000000         0x00000000         xr
EXTMEMB2         0x00000000         0x00000000         xr
EXTMEMB3         0x00000000         0x00000000         xr
MEMORY_ARRAY     0x20002000         0x00000020         xrw
*default*        0x00000000         0xffffffff

Linker script and memory map

LOAD ./system/src/stm32f4-hal/stm32f4xx_hal.o
LOAD ./system/src/stm32f4-hal/stm32f4xx_hal_cortex.o
LOAD ./system/src/stm32f4-hal/stm32f4xx_hal_dfsdm.o
LOAD ./system/src/stm32f4-hal/stm32f4xx_hal_flash.o
LOAD ./system/src/stm32f4-hal/stm32f4xx_hal_flash_ex.o
LOAD ./system/src/stm32f4-hal/stm32f4xx_hal_flash_ramfunc.o
LOAD ./system/src/stm32f4-hal/stm32f4xx_hal_gpio.o
LOAD ./system/src/stm32f4-hal/stm32f4xx_hal_iwdg.o
LOAD ./system/src/stm32f4-hal/stm32f4xx_hal_pwr.o
LOAD ./system/src/stm32f4-hal/stm32f4xx_hal_rcc.o
LOAD ./system/src/newlib/_cxx.o
LOAD ./system/src/newlib/_exit.o
LOAD ./system/src/newlib/_sbrk.o
LOAD ./system/src/newlib/_startup.o
LOAD ./system/src/newlib/_syscalls.o
LOAD ./system/src/newlib/assert.o
LOAD ./system/src/diag/Trace.o
LOAD ./system/src/diag/trace_impl.o
LOAD ./system/src/cortexm/_initialize_hardware.o
LOAD ./system/src/cortexm/_reset_hardware.o
LOAD ./system/src/cortexm/exception_handlers.o
LOAD ./system/src/cmsis/system_stm32f4xx.o
LOAD ./system/src/cmsis/vectors_stm32f407xx.o
LOAD ./src/_initialize_hardware.o
LOAD ./src/_write.o
LOAD ./src/main.o
LOAD ./src/stm32f4xx_hal_msp.o
LOAD f:/iti_course/embedded (turkey)/discovery/tools/arm gcc/bin/../lib/gcc/arm-none-eabi/5.4.1/../../../../arm-none-eabi/lib/armv7e-m\libstdc++_nano.a
LOAD f:/iti_course/embedded (turkey)/discovery/tools/arm gcc/bin/../lib/gcc/arm-none-eabi/5.4.1/../../../../arm-none-eabi/lib/armv7e-m\libm.a
START GROUP
LOAD f:/iti_course/embedded (turkey)/discovery/tools/arm gcc/bin/../lib/gcc/arm-none-eabi/5.4.1/armv7e-m\libgcc.a
LOAD f:/iti_course/embedded (turkey)/discovery/tools/arm gcc/bin/../lib/gcc/arm-none-eabi/5.4.1/../../../../arm-none-eabi/lib/armv7e-m\libg_nano.a
LOAD f:/iti_course/embedded (turkey)/discovery/tools/arm gcc/bin/../lib/gcc/arm-none-eabi/5.4.1/../../../../arm-none-eabi/lib/armv7e-m\libc_nano.a
END GROUP
START GROUP
LOAD f:/iti_course/embedded (turkey)/discovery/tools/arm gcc/bin/../lib/gcc/arm-none-eabi/5.4.1/armv7e-m\libgcc.a
LOAD f:/iti_course/embedded (turkey)/discovery/tools/arm gcc/bin/../lib/gcc/arm-none-eabi/5.4.1/../../../../arm-none-eabi/lib/armv7e-m\libc_nano.a
END GROUP
                0x20020000                __stack = (ORIGIN (RAM) + LENGTH (RAM))
                0x20020000                _estack = __stack
                0x00000400                __Main_Stack_Size = 0x400
                [!provide]                PROVIDE (_Main_Stack_Size, __Main_Stack_Size)
                0x2001fc00                __Main_Stack_Limit = (__stack - __Main_Stack_Size)
                [!provide]                PROVIDE (_Main_Stack_Limit, __Main_Stack_Limit)
                0x00000100                _Minimum_Stack_Size = 0x100
                0x20000118                PROVIDE (_Heap_Begin, _end_noinit)
                0x2001fc00                PROVIDE (_Heap_Limit, (__stack - __Main_Stack_Size))

.isr_vector     0x08000000      0x3ec
 FILL mask 0xff
                0x08000000                __vectors_start = ABSOLUTE (.)
                0x08000000                __vectors_start__ = ABSOLUTE (.)
 *(.isr_vector)
 .isr_vector    0x08000000      0x188 ./system/src/cmsis/vectors_stm32f407xx.o
                0x08000000                __isr_vectors
 *(.cfmconfig)
 *(.after_vectors .after_vectors.*)
 .after_vectors
                0x08000188      0x130 ./system/src/newlib/_startup.o
                0x08000188                _start
 .after_vectors
                0x080002b8      0x130 ./system/src/cortexm/exception_handlers.o
                0x080002b8                Reset_Handler
                0x080002c0                NMI_Handler
                0x080002c4                HardFault_Handler
                0x080002d8                HardFault_Handler_C
                0x08000338                MemManage_Handler
                0x0800033c                BusFault_Handler
                0x08000350                BusFault_Handler_C
                0x08000384                UsageFault_Handler
                0x08000398                UsageFault_Handler_C
                0x080003cc                SVC_Handler
                0x080003d0                DebugMon_Handler
                0x080003d4                PendSV_Handler
                0x080003d8                SysTick_Handler
 .after_vectors
                0x080003e8        0x4 ./system/src/cmsis/vectors_stm32f407xx.o
                0x080003e8                RTC_Alarm_IRQHandler
                0x080003e8                HASH_RNG_IRQHandler
                0x080003e8                EXTI2_IRQHandler
                0x080003e8                TIM8_CC_IRQHandler
                0x080003e8                TIM1_CC_IRQHandler
                0x080003e8                DMA2_Stream5_IRQHandler
                0x080003e8                DMA1_Stream5_IRQHandler
                0x080003e8                PVD_IRQHandler
                0x080003e8                SDIO_IRQHandler
                0x080003e8                TAMP_STAMP_IRQHandler
                0x080003e8                CAN2_RX1_IRQHandler
                0x080003e8                EXTI3_IRQHandler
                0x080003e8                TIM8_TRG_COM_TIM14_IRQHandler
                0x080003e8                TIM1_UP_TIM10_IRQHandler
                0x080003e8                TIM8_UP_TIM13_IRQHandler
                0x080003e8                I2C3_ER_IRQHandler
                0x080003e8                EXTI0_IRQHandler
                0x080003e8                I2C2_EV_IRQHandler
                0x080003e8                DMA1_Stream2_IRQHandler
                0x080003e8                CAN1_RX0_IRQHandler
                0x080003e8                FPU_IRQHandler
                0x080003e8                OTG_HS_WKUP_IRQHandler
                0x080003e8                CAN2_SCE_IRQHandler
                0x080003e8                DMA2_Stream2_IRQHandler
                0x080003e8                SPI1_IRQHandler
                0x080003e8                TIM6_DAC_IRQHandler
                0x080003e8                TIM1_BRK_TIM9_IRQHandler
                0x080003e8                DCMI_IRQHandler
                0x080003e8                CAN2_RX0_IRQHandler
                0x080003e8                DMA2_Stream3_IRQHandler
                0x080003e8                USART6_IRQHandler
                0x080003e8                USART3_IRQHandler
                0x080003e8                CAN1_RX1_IRQHandler
                0x080003e8                UART5_IRQHandler
                0x080003e8                DMA2_Stream0_IRQHandler
                0x080003e8                TIM4_IRQHandler
                0x080003e8                I2C1_EV_IRQHandler
                0x080003e8                DMA1_Stream6_IRQHandler
                0x080003e8                DMA1_Stream1_IRQHandler
                0x080003e8                UART4_IRQHandler
                0x080003e8                TIM3_IRQHandler
                0x080003e8                RCC_IRQHandler
                0x080003e8                TIM8_BRK_TIM12_IRQHandler
                0x080003e8                Default_Handler
                0x080003e8                EXTI15_10_IRQHandler
                0x080003e8                ADC_IRQHandler
                0x080003e8                DMA1_Stream7_IRQHandler
                0x080003e8                TIM7_IRQHandler
                0x080003e8                CAN2_TX_IRQHandler
                0x080003e8                TIM5_IRQHandler
                0x080003e8                DMA2_Stream7_IRQHandler
                0x080003e8                I2C3_EV_IRQHandler
                0x080003e8                EXTI9_5_IRQHandler
                0x080003e8                RTC_WKUP_IRQHandler
                0x080003e8                ETH_WKUP_IRQHandler
                0x080003e8                SPI2_IRQHandler
                0x080003e8                OTG_HS_EP1_IN_IRQHandler
                0x080003e8                DMA1_Stream0_IRQHandler
                0x080003e8                CAN1_TX_IRQHandler
                0x080003e8                EXTI4_IRQHandler
                0x080003e8                ETH_IRQHandler
                0x080003e8                OTG_HS_EP1_OUT_IRQHandler
                0x080003e8                WWDG_IRQHandler
                0x080003e8                TIM2_IRQHandler
                0x080003e8                OTG_FS_WKUP_IRQHandler
                0x080003e8                TIM1_TRG_COM_TIM11_IRQHandler
                0x080003e8                OTG_HS_IRQHandler
                0x080003e8                EXTI1_IRQHandler
                0x080003e8                USART2_IRQHandler
                0x080003e8                I2C2_ER_IRQHandler
                0x080003e8                DMA2_Stream1_IRQHandler
                0x080003e8                CAN1_SCE_IRQHandler
                0x080003e8                FLASH_IRQHandler
                0x080003e8                DMA2_Stream4_IRQHandler
                0x080003e8                USART1_IRQHandler
                0x080003e8                OTG_FS_IRQHandler
                0x080003e8                SPI3_IRQHandler
                0x080003e8                DMA1_Stream4_IRQHandler
                0x080003e8                I2C1_ER_IRQHandler
                0x080003e8                FMC_IRQHandler
                0x080003e8                DMA2_Stream6_IRQHandler
                0x080003e8                DMA1_Stream3_IRQHandler

.inits          0x080003ec       0x28
                0x080003ec                __data_regions_array_start = .
                0x080003ec        0x4 LONG 0x8001ce4 LOADADDR (.data)
                0x080003f0        0x4 LONG 0x20000000 ADDR (.data)
                0x080003f4        0x4 LONG 0x20000078 (ADDR (.data) + SIZEOF (.data))
                0x080003f8        0x4 LONG 0x8001ce4 LOADADDR (.data_CCMRAM)
                0x080003fc        0x4 LONG 0x10000000 ADDR (.data_CCMRAM)
                0x08000400        0x4 LONG 0x10000000 (ADDR (.data_CCMRAM) + SIZEOF (.data_CCMRAM))
                0x08000404                __data_regions_array_end = .
                0x08000404                __bss_regions_array_start = .
                0x08000404        0x4 LONG 0x20000078 ADDR (.bss)
                0x08000408        0x4 LONG 0x20000118 (ADDR (.bss) + SIZEOF (.bss))
                0x0800040c        0x4 LONG 0x10000000 ADDR (.bss_CCMRAM)
                0x08000410        0x4 LONG 0x10000000 (ADDR (.bss_CCMRAM) + SIZEOF (.bss_CCMRAM))
                0x08000414                __bss_regions_array_end = .
 *(.init)
 *(.fini)
                0x08000414                . = ALIGN (0x4)
                0x08000414                PROVIDE (__preinit_array_start, .)
 *(.preinit_array_sysinit .preinit_array_sysinit.*)
 *(.preinit_array_platform .preinit_array_platform.*)
 *(.preinit_array .preinit_array.*)
                0x08000414                PROVIDE (__preinit_array_end, .)
                0x08000414                . = ALIGN (0x4)
                0x08000414                PROVIDE (__init_array_start, .)
 *(SORT(.init_array.*))
 *(.init_array)
                0x08000414                PROVIDE (__init_array_end, .)
                0x08000414                . = ALIGN (0x4)
                0x08000414                PROVIDE (__fini_array_start, .)
 *(SORT(.fini_array.*))
 *(.fini_array)
                0x08000414                PROVIDE (__fini_array_end, .)

.flashtext
 *(.flashtext .flashtext.*)

.text           0x08000420     0x18c3
 *(.text .text.*)
 .text.HAL_InitTick
                0x08000420       0x2c ./system/src/stm32f4-hal/stm32f4xx_hal.o
                0x08000420                HAL_InitTick
 .text.HAL_Init
                0x0800044c       0x34 ./system/src/stm32f4-hal/stm32f4xx_hal.o
                0x0800044c                HAL_Init
 .text.HAL_GetTick
                0x08000480        0xc ./system/src/stm32f4-hal/stm32f4xx_hal.o
                0x08000480                HAL_GetTick
 .text.HAL_NVIC_SetPriorityGrouping
                0x0800048c       0x3c ./system/src/stm32f4-hal/stm32f4xx_hal_cortex.o
                0x0800048c                HAL_NVIC_SetPriorityGrouping
 .text.HAL_NVIC_SetPriority
                0x080004c8       0x84 ./system/src/stm32f4-hal/stm32f4xx_hal_cortex.o
                0x080004c8                HAL_NVIC_SetPriority
 .text.HAL_SYSTICK_Config
                0x0800054c       0x2c ./system/src/stm32f4-hal/stm32f4xx_hal_cortex.o
                0x0800054c                HAL_SYSTICK_Config
 .text.HAL_SYSTICK_CLKSourceConfig
                0x08000578       0x38 ./system/src/stm32f4-hal/stm32f4xx_hal_cortex.o
                0x08000578                HAL_SYSTICK_CLKSourceConfig
 .text.HAL_RCC_OscConfig
                0x080005b0      0x448 ./system/src/stm32f4-hal/stm32f4xx_hal_rcc.o
                0x080005b0                HAL_RCC_OscConfig
 .text.HAL_RCC_GetSysClockFreq
                0x080009f8       0xa0 ./system/src/stm32f4-hal/stm32f4xx_hal_rcc.o
                0x080009f8                HAL_RCC_GetSysClockFreq
 .text.HAL_RCC_ClockConfig
                0x08000a98      0x264 ./system/src/stm32f4-hal/stm32f4xx_hal_rcc.o
                0x08000a98                HAL_RCC_ClockConfig
 .text.HAL_RCC_GetHCLKFreq
                0x08000cfc        0xc ./system/src/stm32f4-hal/stm32f4xx_hal_rcc.o
                0x08000cfc                HAL_RCC_GetHCLKFreq
 .text._exit    0x08000d08        0x4 ./system/src/newlib/_exit.o
                0x08000d08                _exit
 .text.abort    0x08000d0c       0x14 ./system/src/newlib/_exit.o
                0x08000d0c                abort
 .text._sbrk    0x08000d20       0x44 ./system/src/newlib/_sbrk.o
                0x08000d20                _sbrk
 .text.__initialize_args
                0x08000d64       0x10 ./system/src/newlib/_syscalls.o
                0x08000d64                __initialize_args
 .text.assert_failed
                0x08000d74       0x14 ./system/src/newlib/assert.o
                0x08000d74                assert_failed
 .text.trace_printf
                0x08000d88       0x30 ./system/src/diag/Trace.o
                0x08000d88                trace_printf
 .text.trace_puts
                0x08000db8       0x20 ./system/src/diag/Trace.o
                0x08000db8                trace_puts
 .text._trace_write_semihosting_debug
                0x08000dd8       0x64 ./system/src/diag/trace_impl.o
 .text.trace_write
                0x08000e3c        0x8 ./system/src/diag/trace_impl.o
                0x08000e3c                trace_write
 .text.__initialize_hardware_early
                0x08000e44       0x18 ./system/src/cortexm/_initialize_hardware.o
                0x08000e44                __initialize_hardware_early
 .text.dumpExceptionStack
                0x08000e5c       0xf0 ./system/src/cortexm/exception_handlers.o
                0x08000e5c                dumpExceptionStack
 .text.isSemihosting
                0x08000f4c       0x20 ./system/src/cortexm/exception_handlers.o
                0x08000f4c                isSemihosting
 .text.SystemInit
                0x08000f6c       0x40 ./system/src/cmsis/system_stm32f4xx.o
                0x08000f6c                SystemInit
 .text.SystemCoreClockUpdate
                0x08000fac       0xa0 ./system/src/cmsis/system_stm32f4xx.o
                0x08000fac                SystemCoreClockUpdate
 .text.SystemClock_Config
                0x0800104c       0x9c ./src/_initialize_hardware.o
                0x0800104c                SystemClock_Config
 .text.__initialize_hardware
                0x080010e8       0x10 ./src/_initialize_hardware.o
                0x080010e8                __initialize_hardware
 .text.main     0x080010f8        0x4 ./src/main.o
                0x080010f8                main
 .text.HAL_MspInit
                0x080010fc        0x4 ./src/stm32f4xx_hal_msp.o
                0x080010fc                HAL_MspInit
 .text.__errno  0x08001100        0xc f:/iti_course/embedded (turkey)/discovery/tools/arm gcc/bin/../lib/gcc/arm-none-eabi/5.4.1/../../../../arm-none-eabi/lib/armv7e-m\libg_nano.a(lib_a-errno.o)
                0x08001100                __errno
 .text          0x0800110c       0x10 f:/iti_course/embedded (turkey)/discovery/tools/arm gcc/bin/../lib/gcc/arm-none-eabi/5.4.1/../../../../arm-none-eabi/lib/armv7e-m\libg_nano.a(lib_a-strlen.o)
                0x0800110c                strlen
 .text._vsnprintf_r
                0x0800111c       0x56 f:/iti_course/embedded (turkey)/discovery/tools/arm gcc/bin/../lib/gcc/arm-none-eabi/5.4.1/../../../../arm-none-eabi/lib/armv7e-m\libg_nano.a(lib_a-vsnprintf.o)
                0x0800111c                _vsniprintf_r
                0x0800111c                _vsnprintf_r
 *fill*         0x08001172        0x2 
 .text.vsnprintf
                0x08001174       0x1c f:/iti_course/embedded (turkey)/discovery/tools/arm gcc/bin/../lib/gcc/arm-none-eabi/5.4.1/../../../../arm-none-eabi/lib/armv7e-m\libg_nano.a(lib_a-vsnprintf.o)
                0x08001174                vsniprintf
                0x08001174                vsnprintf
 .text.__ssputs_r
                0x08001190       0xb2 f:/iti_course/embedded (turkey)/discovery/tools/arm gcc/bin/../lib/gcc/arm-none-eabi/5.4.1/../../../../arm-none-eabi/lib/armv7e-m\libg_nano.a(lib_a-nano-svfprintf.o)
                0x08001190                __ssputs_r
 *fill*         0x08001242        0x2 
 .text._svfprintf_r
                0x08001244      0x1e8 f:/iti_course/embedded (turkey)/discovery/tools/arm gcc/bin/../lib/gcc/arm-none-eabi/5.4.1/../../../../arm-none-eabi/lib/armv7e-m\libg_nano.a(lib_a-nano-svfprintf.o)
                0x08001244                _svfiprintf_r
                0x08001244                _svfprintf_r
 .text._printf_common
                0x0800142c       0xec f:/iti_course/embedded (turkey)/discovery/tools/arm gcc/bin/../lib/gcc/arm-none-eabi/5.4.1/../../../../arm-none-eabi/lib/armv7e-m\libg_nano.a(lib_a-nano-vfprintf_i.o)
                0x0800142c                _printf_common
 .text._printf_i
                0x08001518      0x24c f:/iti_course/embedded (turkey)/discovery/tools/arm gcc/bin/../lib/gcc/arm-none-eabi/5.4.1/../../../../arm-none-eabi/lib/armv7e-m\libg_nano.a(lib_a-nano-vfprintf_i.o)
                0x08001518                _printf_i
 *fill*         0x08001764        0xc 
 .text          0x08001770       0xa0 f:/iti_course/embedded (turkey)/discovery/tools/arm gcc/bin/../lib/gcc/arm-none-eabi/5.4.1/../../../../arm-none-eabi/lib/armv7e-m\libg_nano.a(lib_a-memchr.o)
                0x08001770                memchr
 .text.memcpy   0x08001810       0x16 f:/iti_course/embedded (turkey)/discovery/tools/arm gcc/bin/../lib/gcc/arm-none-eabi/5.4.1/../../../../arm-none-eabi/lib/armv7e-m\libg_nano.a(lib_a-memcpy-stub.o)
                0x08001810                memcpy
 .text.memmove  0x08001826       0x36 f:/iti_course/embedded (turkey)/discovery/tools/arm gcc/bin/../lib/gcc/arm-none-eabi/5.4.1/../../../../arm-none-eabi/lib/armv7e-m\libg_nano.a(lib_a-memmove.o)
                0x08001826                memmove
 .text._free_r  0x0800185c       0x9c f:/iti_course/embedded (turkey)/discovery/tools/arm gcc/bin/../lib/gcc/arm-none-eabi/5.4.1/../../../../arm-none-eabi/lib/armv7e-m\libg_nano.a(lib_a-nano-freer.o)
                0x0800185c                _free_r
 .text._malloc_r
                0x080018f8       0xbc f:/iti_course/embedded (turkey)/discovery/tools/arm gcc/bin/../lib/gcc/arm-none-eabi/5.4.1/../../../../arm-none-eabi/lib/armv7e-m\libg_nano.a(lib_a-nano-mallocr.o)
                0x080018f8                _malloc_r
 .text._realloc_r
                0x080019b4       0x4c f:/iti_course/embedded (turkey)/discovery/tools/arm gcc/bin/../lib/gcc/arm-none-eabi/5.4.1/../../../../arm-none-eabi/lib/armv7e-m\libg_nano.a(lib_a-nano-reallocr.o)
                0x080019b4                _realloc_r
 .text._sbrk_r  0x08001a00       0x20 f:/iti_course/embedded (turkey)/discovery/tools/arm gcc/bin/../lib/gcc/arm-none-eabi/5.4.1/../../../../arm-none-eabi/lib/armv7e-m\libg_nano.a(lib_a-sbrkr.o)
                0x08001a00                _sbrk_r
 .text.__malloc_lock
                0x08001a20        0x2 f:/iti_course/embedded (turkey)/discovery/tools/arm gcc/bin/../lib/gcc/arm-none-eabi/5.4.1/../../../../arm-none-eabi/lib/armv7e-m\libg_nano.a(lib_a-mlock.o)
                0x08001a20                __malloc_lock
 .text.__malloc_unlock
                0x08001a22        0x2 f:/iti_course/embedded (turkey)/discovery/tools/arm gcc/bin/../lib/gcc/arm-none-eabi/5.4.1/../../../../arm-none-eabi/lib/armv7e-m\libg_nano.a(lib_a-mlock.o)
                0x08001a22                __malloc_unlock
 .text._malloc_usable_size_r
                0x08001a24       0x14 f:/iti_course/embedded (turkey)/discovery/tools/arm gcc/bin/../lib/gcc/arm-none-eabi/5.4.1/../../../../arm-none-eabi/lib/armv7e-m\libg_nano.a(lib_a-nano-msizer.o)
                0x08001a24                _malloc_usable_size_r
 *(.rodata .rodata.* .constdata .constdata.*)
 .rodata.str1.4
                0x08001a38       0x31 ./system/src/stm32f4-hal/stm32f4xx_hal_cortex.o
 *fill*         0x08001a69        0x3 
 .rodata.APBAHBPrescTable
                0x08001a6c       0x10 ./system/src/stm32f4-hal/stm32f4xx_hal_rcc.o
                0x08001a6c                APBAHBPrescTable
 .rodata.str1.4
                0x08001a7c       0x2e ./system/src/stm32f4-hal/stm32f4xx_hal_rcc.o
 *fill*         0x08001aaa        0x2 
 .rodata.str1.4
                0x08001aac       0x14 ./system/src/newlib/_exit.o
 .rodata.str1.4
                0x08001ac0       0x6b ./system/src/newlib/assert.o
                                 0x6f (size before relaxing)
 *fill*         0x08001b2b        0x1 
 .rodata.str1.4
                0x08001b2c       0x29 ./system/src/diag/Trace.o
                                 0x2d (size before relaxing)
 *fill*         0x08001b55        0x3 
 .rodata.str1.4
                0x08001b58      0x148 ./system/src/cortexm/exception_handlers.o
                                0x146 (size before relaxing)
 .rodata.AHBPrescTable
                0x08001ca0       0x10 ./system/src/cmsis/system_stm32f4xx.o
                0x08001ca0                AHBPrescTable
 .rodata.str1.1
                0x08001cb0       0x11 f:/iti_course/embedded (turkey)/discovery/tools/arm gcc/bin/../lib/gcc/arm-none-eabi/5.4.1/../../../../arm-none-eabi/lib/armv7e-m\libg_nano.a(lib_a-nano-svfprintf.o)
 .rodata.str1.1
                0x08001cc1       0x22 f:/iti_course/embedded (turkey)/discovery/tools/arm gcc/bin/../lib/gcc/arm-none-eabi/5.4.1/../../../../arm-none-eabi/lib/armv7e-m\libg_nano.a(lib_a-nano-vfprintf_i.o)
 *(vtable)
 *(.eh_frame*)
 *(.glue_7)
 .glue_7        0x08001ce3        0x0 linker stubs
 *(.glue_7t)
 .glue_7t       0x08001ce3        0x0 linker stubs

.vfp11_veneer   0x08001ce4        0x0
 .vfp11_veneer  0x08001ce4        0x0 linker stubs

.v4_bx          0x08001ce4        0x0
 .v4_bx         0x08001ce4        0x0 linker stubs

.iplt           0x08001ce4        0x0
 .iplt          0x08001ce4        0x0 ./system/src/stm32f4-hal/stm32f4xx_hal.o

.rel.dyn        0x08001ce4        0x0
 .rel.iplt      0x08001ce4        0x0 ./system/src/stm32f4-hal/stm32f4xx_hal.o

.ARM.extab
 *(.ARM.extab* .gnu.linkonce.armextab.*)
                0x08001ce4                . = ALIGN (0x4)
                0x08001ce4                __exidx_start = .

.ARM.exidx
 *(.ARM.exidx* .gnu.linkonce.armexidx.*)
                0x08001ce4                __exidx_end = .
                0x08001ce4                . = ALIGN (0x4)
                0x08001ce4                _etext = .
                0x08001ce4                __etext = .

.data_CCMRAM    0x10000000        0x0 load address 0x08001ce4
 FILL mask 0xff
 *(.data.CCMRAM .data.CCMRAM.*)
                0x10000000                . = ALIGN (0x4)
                0x08001ce4                _sidata = LOADADDR (.data)

.data           0x20000000       0x78 load address 0x08001ce4
 FILL mask 0xff
                0x20000000                _sdata = .
                0x20000000                __data_start__ = .
 *(.data_begin .data_begin.*)
 .data_begin    0x20000000        0x4 ./system/src/newlib/_startup.o
 *(.data .data.*)
 .data.argv.4290
                0x20000004        0x8 ./system/src/newlib/_syscalls.o
 .data.SystemCoreClock
                0x2000000c        0x4 ./system/src/cmsis/system_stm32f4xx.o
                0x2000000c                SystemCoreClock
 .data.impure_data
                0x20000010       0x60 f:/iti_course/embedded (turkey)/discovery/tools/arm gcc/bin/../lib/gcc/arm-none-eabi/5.4.1/../../../../arm-none-eabi/lib/armv7e-m\libg_nano.a(lib_a-impure.o)
 .data._impure_ptr
                0x20000070        0x4 f:/iti_course/embedded (turkey)/discovery/tools/arm gcc/bin/../lib/gcc/arm-none-eabi/5.4.1/../../../../arm-none-eabi/lib/armv7e-m\libg_nano.a(lib_a-impure.o)
                0x20000070                _impure_ptr
 *(.data_end .data_end.*)
 .data_end      0x20000074        0x4 ./system/src/newlib/_startup.o
                0x20000078                . = ALIGN (0x4)
                0x20000078                _edata = .
                0x20000078                __data_end__ = .

.igot.plt       0x20000078        0x0 load address 0x08001d5c
 .igot.plt      0x20000078        0x0 ./system/src/stm32f4-hal/stm32f4xx_hal.o

.bss_CCMRAM     0x10000000        0x0
 *(.bss.CCMRAM .bss.CCMRAM.*)

.bss            0x20000078       0xa0
                0x20000078                __bss_start__ = .
                0x20000078                _sbss = .
 *(.bss_begin .bss_begin.*)
 .bss_begin     0x20000078        0x4 ./system/src/newlib/_startup.o
 *(.bss .bss.*)
 .bss.current_heap_end.3974
                0x2000007c        0x4 ./system/src/newlib/_sbrk.o
 .bss.name.4289
                0x20000080        0x1 ./system/src/newlib/_syscalls.o
 *fill*         0x20000081        0x3 
 .bss.buf.5179  0x20000084       0x80 ./system/src/diag/Trace.o
 .bss.__malloc_sbrk_start
                0x20000104        0x4 f:/iti_course/embedded (turkey)/discovery/tools/arm gcc/bin/../lib/gcc/arm-none-eabi/5.4.1/../../../../arm-none-eabi/lib/armv7e-m\libg_nano.a(lib_a-nano-mallocr.o)
                0x20000104                __malloc_sbrk_start
 .bss.__malloc_free_list
                0x20000108        0x4 f:/iti_course/embedded (turkey)/discovery/tools/arm gcc/bin/../lib/gcc/arm-none-eabi/5.4.1/../../../../arm-none-eabi/lib/armv7e-m\libg_nano.a(lib_a-nano-mallocr.o)
                0x20000108                __malloc_free_list
 *(COMMON)
 COMMON         0x2000010c        0x4 ./system/src/stm32f4-hal/stm32f4xx_hal.o
                0x2000010c                uwTick
 COMMON         0x20000110        0x4 ./system/src/newlib/_syscalls.o
                0x20000110                errno
 *(.bss_end .bss_end.*)
 .bss_end       0x20000114        0x4 ./system/src/newlib/_startup.o
                0x20000118                . = ALIGN (0x4)
                0x20000118                __bss_end__ = .
                0x20000118                _ebss = .

.noinit_CCMRAM
 *(.noinit.CCMRAM .noinit.CCMRAM.*)

.noinit         0x20000118        0x0
                0x20000118                _noinit = .
 *(.noinit .noinit.*)
                0x20000118                . = ALIGN (0x4)
                0x20000118                _end_noinit = .
                [!provide]                PROVIDE (end, _end_noinit)
                [!provide]                PROVIDE (_end, _end_noinit)
                [!provide]                PROVIDE (__end, _end_noinit)
                [!provide]                PROVIDE (__end__, _end_noinit)

._check_stack   0x20000118      0x100
                0x20000218                . = (. + _Minimum_Stack_Size)
 *fill*         0x20000118      0x100 

.b1text
 *(.b1text)
 *(.b1rodata)
 *(.b1rodata.*)

.eb0text
 *(.eb0text)
 *(.eb0rodata)
 *(.eb0rodata.*)

.eb1text
 *(.eb1text)
 *(.eb1rodata)
 *(.eb1rodata.*)

.eb2text
 *(.eb2text)
 *(.eb2rodata)
 *(.eb2rodata.*)

.eb3text
 *(.eb3text)
 *(.eb3rodata)
 *(.eb3rodata.*)

.stab
 *(.stab)

.stabstr
 *(.stabstr)

.stab.excl
 *(.stab.excl)

.stab.exclstr
 *(.stab.exclstr)

.stab.index
 *(.stab.index)

.stab.indexstr
 *(.stab.indexstr)

.comment        0x00000000       0x6e
 *(.comment)
 .comment       0x00000000       0x6e ./system/src/stm32f4-hal/stm32f4xx_hal.o
                                 0x6f (size before relaxing)
 .comment       0x0000006e       0x6f ./system/src/stm32f4-hal/stm32f4xx_hal_cortex.o
 .comment       0x0000006e       0x6f ./system/src/stm32f4-hal/stm32f4xx_hal_rcc.o
 .comment       0x0000006e       0x6f ./system/src/newlib/_exit.o
 .comment       0x0000006e       0x6f ./system/src/newlib/_sbrk.o
 .comment       0x0000006e       0x6f ./system/src/newlib/_startup.o
 .comment       0x0000006e       0x6f ./system/src/newlib/_syscalls.o
 .comment       0x0000006e       0x6f ./system/src/newlib/assert.o
 .comment       0x0000006e       0x6f ./system/src/diag/Trace.o
 .comment       0x0000006e       0x6f ./system/src/diag/trace_impl.o
 .comment       0x0000006e       0x6f ./system/src/cortexm/_initialize_hardware.o
 .comment       0x0000006e       0x6f ./system/src/cortexm/exception_handlers.o
 .comment       0x0000006e       0x6f ./system/src/cmsis/system_stm32f4xx.o
 .comment       0x0000006e       0x6f ./system/src/cmsis/vectors_stm32f407xx.o
 .comment       0x0000006e       0x6f ./src/_initialize_hardware.o
 .comment       0x0000006e       0x6f ./src/main.o
 .comment       0x0000006e       0x6f ./src/stm32f4xx_hal_msp.o

.ARM.attributes
                0x00000000       0x31
 .ARM.attributes
                0x00000000       0x33 ./system/src/stm32f4-hal/stm32f4xx_hal.o
 .ARM.attributes
                0x00000033       0x33 ./system/src/stm32f4-hal/stm32f4xx_hal_cortex.o
 .ARM.attributes
                0x00000066       0x33 ./system/src/stm32f4-hal/stm32f4xx_hal_rcc.o
 .ARM.attributes
                0x00000099       0x33 ./system/src/newlib/_exit.o
 .ARM.attributes
                0x000000cc       0x33 ./system/src/newlib/_sbrk.o
 .ARM.attributes
                0x000000ff       0x33 ./system/src/newlib/_startup.o
 .ARM.attributes
                0x00000132       0x33 ./system/src/newlib/_syscalls.o
 .ARM.attributes
                0x00000165       0x33 ./system/src/newlib/assert.o
 .ARM.attributes
                0x00000198       0x33 ./system/src/diag/Trace.o
 .ARM.attributes
                0x000001cb       0x33 ./system/src/diag/trace_impl.o
 .ARM.attributes
                0x000001fe       0x33 ./system/src/cortexm/_initialize_hardware.o
 .ARM.attributes
                0x00000231       0x33 ./system/src/cortexm/exception_handlers.o
 .ARM.attributes
                0x00000264       0x33 ./system/src/cmsis/system_stm32f4xx.o
 .ARM.attributes
                0x00000297       0x33 ./system/src/cmsis/vectors_stm32f407xx.o
 .ARM.attributes
                0x000002ca       0x33 ./src/_initialize_hardware.o
 .ARM.attributes
                0x000002fd       0x33 ./src/main.o
 .ARM.attributes
                0x00000330       0x33 ./src/stm32f4xx_hal_msp.o
 .ARM.attributes
                0x00000363       0x2e f:/iti_course/embedded (turkey)/discovery/tools/arm gcc/bin/../lib/gcc/arm-none-eabi/5.4.1/../../../../arm-none-eabi/lib/armv7e-m\libg_nano.a(lib_a-errno.o)
 .ARM.attributes
                0x00000391       0x2e f:/iti_course/embedded (turkey)/discovery/tools/arm gcc/bin/../lib/gcc/arm-none-eabi/5.4.1/../../../../arm-none-eabi/lib/armv7e-m\libg_nano.a(lib_a-impure.o)
 .ARM.attributes
                0x000003bf       0x17 f:/iti_course/embedded (turkey)/discovery/tools/arm gcc/bin/../lib/gcc/arm-none-eabi/5.4.1/../../../../arm-none-eabi/lib/armv7e-m\libg_nano.a(lib_a-strlen.o)
 .ARM.attributes
                0x000003d6       0x2e f:/iti_course/embedded (turkey)/discovery/tools/arm gcc/bin/../lib/gcc/arm-none-eabi/5.4.1/../../../../arm-none-eabi/lib/armv7e-m\libg_nano.a(lib_a-vsnprintf.o)
 .ARM.attributes
                0x00000404       0x2e f:/iti_course/embedded (turkey)/discovery/tools/arm gcc/bin/../lib/gcc/arm-none-eabi/5.4.1/../../../../arm-none-eabi/lib/armv7e-m\libg_nano.a(lib_a-nano-svfprintf.o)
 .ARM.attributes
                0x00000432       0x2e f:/iti_course/embedded (turkey)/discovery/tools/arm gcc/bin/../lib/gcc/arm-none-eabi/5.4.1/../../../../arm-none-eabi/lib/armv7e-m\libg_nano.a(lib_a-nano-vfprintf_i.o)
 .ARM.attributes
                0x00000460       0x1c f:/iti_course/embedded (turkey)/discovery/tools/arm gcc/bin/../lib/gcc/arm-none-eabi/5.4.1/../../../../arm-none-eabi/lib/armv7e-m\libg_nano.a(lib_a-memchr.o)
 .ARM.attributes
                0x0000047c       0x2e f:/iti_course/embedded (turkey)/discovery/tools/arm gcc/bin/../lib/gcc/arm-none-eabi/5.4.1/../../../../arm-none-eabi/lib/armv7e-m\libg_nano.a(lib_a-memcpy-stub.o)
 .ARM.attributes
                0x000004aa       0x2e f:/iti_course/embedded (turkey)/discovery/tools/arm gcc/bin/../lib/gcc/arm-none-eabi/5.4.1/../../../../arm-none-eabi/lib/armv7e-m\libg_nano.a(lib_a-memmove.o)
 .ARM.attributes
                0x000004d8       0x2e f:/iti_course/embedded (turkey)/discovery/tools/arm gcc/bin/../lib/gcc/arm-none-eabi/5.4.1/../../../../arm-none-eabi/lib/armv7e-m\libg_nano.a(lib_a-nano-freer.o)
 .ARM.attributes
                0x00000506       0x2e f:/iti_course/embedded (turkey)/discovery/tools/arm gcc/bin/../lib/gcc/arm-none-eabi/5.4.1/../../../../arm-none-eabi/lib/armv7e-m\libg_nano.a(lib_a-nano-mallocr.o)
 .ARM.attributes
                0x00000534       0x2e f:/iti_course/embedded (turkey)/discovery/tools/arm gcc/bin/../lib/gcc/arm-none-eabi/5.4.1/../../../../arm-none-eabi/lib/armv7e-m\libg_nano.a(lib_a-nano-reallocr.o)
 .ARM.attributes
                0x00000562       0x2e f:/iti_course/embedded (turkey)/discovery/tools/arm gcc/bin/../lib/gcc/arm-none-eabi/5.4.1/../../../../arm-none-eabi/lib/armv7e-m\libg_nano.a(lib_a-sbrkr.o)
 .ARM.attributes
                0x00000590       0x2e f:/iti_course/embedded (turkey)/discovery/tools/arm gcc/bin/../lib/gcc/arm-none-eabi/5.4.1/../../../../arm-none-eabi/lib/armv7e-m\libg_nano.a(lib_a-mlock.o)
 .ARM.attributes
                0x000005be       0x2e f:/iti_course/embedded (turkey)/discovery/tools/arm gcc/bin/../lib/gcc/arm-none-eabi/5.4.1/../../../../arm-none-eabi/lib/armv7e-m\libg_nano.a(lib_a-nano-msizer.o)

.debug
 *(.debug)

.line
 *(.line)

.debug_srcinfo
 *(.debug_srcinfo)

.debug_sfnames
 *(.debug_sfnames)

.debug_aranges  0x00000000      0x4a8
 *(.debug_aranges)
 .debug_aranges
                0x00000000       0xc0 ./system/src/stm32f4-hal/stm32f4xx_hal.o
 .debug_aranges
                0x000000c0       0x98 ./system/src/stm32f4-hal/stm32f4xx_hal_cortex.o
 .debug_aranges
                0x00000158       0x88 ./system/src/stm32f4-hal/stm32f4xx_hal_rcc.o
 .debug_aranges
                0x000001e0       0x28 ./system/src/newlib/_exit.o
 .debug_aranges
                0x00000208       0x20 ./system/src/newlib/_sbrk.o
 .debug_aranges
                0x00000228       0x40 ./system/src/newlib/_startup.o
 .debug_aranges
                0x00000268       0x30 ./system/src/newlib/_syscalls.o
 .debug_aranges
                0x00000298       0x28 ./system/src/newlib/assert.o
 .debug_aranges
                0x000002c0       0x38 ./system/src/diag/Trace.o
 .debug_aranges
                0x000002f8       0x30 ./system/src/diag/trace_impl.o
 .debug_aranges
                0x00000328       0x28 ./system/src/cortexm/_initialize_hardware.o
 .debug_aranges
                0x00000350       0x90 ./system/src/cortexm/exception_handlers.o
 .debug_aranges
                0x000003e0       0x28 ./system/src/cmsis/system_stm32f4xx.o
 .debug_aranges
                0x00000408       0x20 ./system/src/cmsis/vectors_stm32f407xx.o
 .debug_aranges
                0x00000428       0x28 ./src/_initialize_hardware.o
 .debug_aranges
                0x00000450       0x20 ./src/main.o
 .debug_aranges
                0x00000470       0x38 ./src/stm32f4xx_hal_msp.o

.debug_pubnames
 *(.debug_pubnames)

.debug_info     0x00000000     0x5136
 *(.debug_info .gnu.linkonce.wi.*)
 .debug_info    0x00000000      0x8d9 ./system/src/stm32f4-hal/stm32f4xx_hal.o
 .debug_info    0x000008d9     0x10f4 ./system/src/stm32f4-hal/stm32f4xx_hal_cortex.o
 .debug_info    0x000019cd      0xf3d ./system/src/stm32f4-hal/stm32f4xx_hal_rcc.o
 .debug_info    0x0000290a       0xef ./system/src/newlib/_exit.o
 .debug_info    0x000029f9      0x11f ./system/src/newlib/_sbrk.o
 .debug_info    0x00002b18      0x4f2 ./system/src/newlib/_startup.o
 .debug_info    0x0000300a      0x1c7 ./system/src/newlib/_syscalls.o
 .debug_info    0x000031d1      0x1a3 ./system/src/newlib/assert.o
 .debug_info    0x00003374      0x2e7 ./system/src/diag/Trace.o
 .debug_info    0x0000365b      0x30b ./system/src/diag/trace_impl.o
 .debug_info    0x00003966      0x2bf ./system/src/cortexm/_initialize_hardware.o
 .debug_info    0x00003c25      0x8f4 ./system/src/cortexm/exception_handlers.o
 .debug_info    0x00004519      0x4b9 ./system/src/cmsis/system_stm32f4xx.o
 .debug_info    0x000049d2       0xd1 ./system/src/cmsis/vectors_stm32f407xx.o
 .debug_info    0x00004aa3      0x4e9 ./src/_initialize_hardware.o
 .debug_info    0x00004f8c       0xc5 ./src/main.o
 .debug_info    0x00005051       0xe5 ./src/stm32f4xx_hal_msp.o

.debug_abbrev   0x00000000     0x16c9
 *(.debug_abbrev)
 .debug_abbrev  0x00000000      0x235 ./system/src/stm32f4-hal/stm32f4xx_hal.o
 .debug_abbrev  0x00000235      0x324 ./system/src/stm32f4-hal/stm32f4xx_hal_cortex.o
 .debug_abbrev  0x00000559      0x2d2 ./system/src/stm32f4-hal/stm32f4xx_hal_rcc.o
 .debug_abbrev  0x0000082b       0x8e ./system/src/newlib/_exit.o
 .debug_abbrev  0x000008b9       0xb9 ./system/src/newlib/_sbrk.o
 .debug_abbrev  0x00000972      0x1b6 ./system/src/newlib/_startup.o
 .debug_abbrev  0x00000b28       0xec ./system/src/newlib/_syscalls.o
 .debug_abbrev  0x00000c14       0xab ./system/src/newlib/assert.o
 .debug_abbrev  0x00000cbf      0x156 ./system/src/diag/Trace.o
 .debug_abbrev  0x00000e15      0x1c8 ./system/src/diag/trace_impl.o
 .debug_abbrev  0x00000fdd       0xea ./system/src/cortexm/_initialize_hardware.o
 .debug_abbrev  0x000010c7      0x247 ./system/src/cortexm/exception_handlers.o
 .debug_abbrev  0x0000130e      0x104 ./system/src/cmsis/system_stm32f4xx.o
 .debug_abbrev  0x00001412       0x9d ./system/src/cmsis/vectors_stm32f407xx.o
 .debug_abbrev  0x000014af      0x14c ./src/_initialize_hardware.o
 .debug_abbrev  0x000015fb       0x64 ./src/main.o
 .debug_abbrev  0x0000165f       0x6a ./src/stm32f4xx_hal_msp.o

.debug_line     0x00000000     0x7fd5
 *(.debug_line)
 .debug_line    0x00000000      0xbb6 ./system/src/stm32f4-hal/stm32f4xx_hal.o
 .debug_line    0x00000bb6      0xc99 ./system/src/stm32f4-hal/stm32f4xx_hal_cortex.o
 .debug_line    0x0000184f      0xe68 ./system/src/stm32f4-hal/stm32f4xx_hal_rcc.o
 .debug_line    0x000026b7      0x339 ./system/src/newlib/_exit.o
 .debug_line    0x000029f0      0x2ea ./system/src/newlib/_sbrk.o
 .debug_line    0x00002cda      0x3b2 ./system/src/newlib/_startup.o
 .debug_line    0x0000308c      0x404 ./system/src/newlib/_syscalls.o
 .debug_line    0x00003490      0x374 ./system/src/newlib/assert.o
 .debug_line    0x00003804      0x3a7 ./system/src/diag/Trace.o
 .debug_line    0x00003bab      0xaf2 ./system/src/diag/trace_impl.o
 .debug_line    0x0000469d      0xa5a ./system/src/cortexm/_initialize_hardware.o
 .debug_line    0x000050f7      0xb90 ./system/src/cortexm/exception_handlers.o
 .debug_line    0x00005c87      0xa5a ./system/src/cmsis/system_stm32f4xx.o
 .debug_line    0x000066e1      0x104 ./system/src/cmsis/vectors_stm32f407xx.o
 .debug_line    0x000067e5      0xa54 ./src/_initialize_hardware.o
 .debug_line    0x00007239      0x348 ./src/main.o
 .debug_line    0x00007581      0xa54 ./src/stm32f4xx_hal_msp.o

.debug_frame    0x00000000      0xc18
 *(.debug_frame)
 .debug_frame   0x00000000      0x188 ./system/src/stm32f4-hal/stm32f4xx_hal.o
 .debug_frame   0x00000188      0x17c ./system/src/stm32f4-hal/stm32f4xx_hal_cortex.o
 .debug_frame   0x00000304      0x150 ./system/src/stm32f4-hal/stm32f4xx_hal_rcc.o
 .debug_frame   0x00000454       0x38 ./system/src/newlib/_exit.o
 .debug_frame   0x0000048c       0x28 ./system/src/newlib/_sbrk.o
 .debug_frame   0x000004b4       0x7c ./system/src/newlib/_startup.o
 .debug_frame   0x00000530       0x50 ./system/src/newlib/_syscalls.o
 .debug_frame   0x00000580       0x40 ./system/src/newlib/assert.o
 .debug_frame   0x000005c0       0x94 ./system/src/diag/Trace.o
 .debug_frame   0x00000654       0x60 ./system/src/diag/trace_impl.o
 .debug_frame   0x000006b4       0x40 ./system/src/cortexm/_initialize_hardware.o
 .debug_frame   0x000006f4      0x158 ./system/src/cortexm/exception_handlers.o
 .debug_frame   0x0000084c       0x30 ./system/src/cmsis/system_stm32f4xx.o
 .debug_frame   0x0000087c       0x20 ./system/src/cmsis/vectors_stm32f407xx.o
 .debug_frame   0x0000089c       0x48 ./src/_initialize_hardware.o
 .debug_frame   0x000008e4       0x20 ./src/main.o
 .debug_frame   0x00000904       0x50 ./src/stm32f4xx_hal_msp.o
 .debug_frame   0x00000954       0x20 f:/iti_course/embedded (turkey)/discovery/tools/arm gcc/bin/../lib/gcc/arm-none-eabi/5.4.1/../../../../arm-none-eabi/lib/armv7e-m\libg_nano.a(lib_a-errno.o)
 .debug_frame   0x00000974       0x48 f:/iti_course/embedded (turkey)/discovery/tools/arm gcc/bin/../lib/gcc/arm-none-eabi/5.4.1/../../../../arm-none-eabi/lib/armv7e-m\libg_nano.a(lib_a-vsnprintf.o)
 .debug_frame   0x000009bc       0x90 f:/iti_course/embedded (turkey)/discovery/tools/arm gcc/bin/../lib/gcc/arm-none-eabi/5.4.1/../../../../arm-none-eabi/lib/armv7e-m\libg_nano.a(lib_a-nano-svfprintf.o)
 .debug_frame   0x00000a4c       0x60 f:/iti_course/embedded (turkey)/discovery/tools/arm gcc/bin/../lib/gcc/arm-none-eabi/5.4.1/../../../../arm-none-eabi/lib/armv7e-m\libg_nano.a(lib_a-nano-vfprintf_i.o)
 .debug_frame   0x00000aac       0x28 f:/iti_course/embedded (turkey)/discovery/tools/arm gcc/bin/../lib/gcc/arm-none-eabi/5.4.1/../../../../arm-none-eabi/lib/armv7e-m\libg_nano.a(lib_a-memcpy-stub.o)
 .debug_frame   0x00000ad4       0x28 f:/iti_course/embedded (turkey)/discovery/tools/arm gcc/bin/../lib/gcc/arm-none-eabi/5.4.1/../../../../arm-none-eabi/lib/armv7e-m\libg_nano.a(lib_a-memmove.o)
 .debug_frame   0x00000afc       0x38 f:/iti_course/embedded (turkey)/discovery/tools/arm gcc/bin/../lib/gcc/arm-none-eabi/5.4.1/../../../../arm-none-eabi/lib/armv7e-m\libg_nano.a(lib_a-nano-freer.o)
 .debug_frame   0x00000b34       0x2c f:/iti_course/embedded (turkey)/discovery/tools/arm gcc/bin/../lib/gcc/arm-none-eabi/5.4.1/../../../../arm-none-eabi/lib/armv7e-m\libg_nano.a(lib_a-nano-mallocr.o)
 .debug_frame   0x00000b60       0x3c f:/iti_course/embedded (turkey)/discovery/tools/arm gcc/bin/../lib/gcc/arm-none-eabi/5.4.1/../../../../arm-none-eabi/lib/armv7e-m\libg_nano.a(lib_a-nano-reallocr.o)
 .debug_frame   0x00000b9c       0x2c f:/iti_course/embedded (turkey)/discovery/tools/arm gcc/bin/../lib/gcc/arm-none-eabi/5.4.1/../../../../arm-none-eabi/lib/armv7e-m\libg_nano.a(lib_a-sbrkr.o)
 .debug_frame   0x00000bc8       0x30 f:/iti_course/embedded (turkey)/discovery/tools/arm gcc/bin/../lib/gcc/arm-none-eabi/5.4.1/../../../../arm-none-eabi/lib/armv7e-m\libg_nano.a(lib_a-mlock.o)
 .debug_frame   0x00000bf8       0x20 f:/iti_course/embedded (turkey)/discovery/tools/arm gcc/bin/../lib/gcc/arm-none-eabi/5.4.1/../../../../arm-none-eabi/lib/armv7e-m\libg_nano.a(lib_a-nano-msizer.o)

.debug_str      0x00000000    0x9a562
 *(.debug_str)
 .debug_str     0x00000000    0x96d5f ./system/src/stm32f4-hal/stm32f4xx_hal.o
                              0x9713c (size before relaxing)
 .debug_str     0x00096d5f      0x396 ./system/src/stm32f4-hal/stm32f4xx_hal_cortex.o
                              0x96fa8 (size before relaxing)
 .debug_str     0x000970f5      0x400 ./system/src/stm32f4-hal/stm32f4xx_hal_rcc.o
                              0x96b57 (size before relaxing)
 .debug_str     0x000974f5     0x10b6 ./system/src/newlib/_exit.o
                               0x6edd (size before relaxing)
 .debug_str     0x000985ab      0x4de ./system/src/newlib/_sbrk.o
                               0x62c8 (size before relaxing)
 .debug_str     0x00098a89      0x2cc ./system/src/newlib/_startup.o
                               0x5ee3 (size before relaxing)
 .debug_str     0x00098d55      0xe18 ./system/src/newlib/_syscalls.o
                               0x7128 (size before relaxing)
 .debug_str     0x00099b6d       0xd5 ./system/src/newlib/assert.o
                               0x79e2 (size before relaxing)
 .debug_str     0x00099c42      0x169 ./system/src/diag/Trace.o
                               0x76cd (size before relaxing)
 .debug_str     0x00099dab      0x37b ./system/src/diag/trace_impl.o
                              0x97887 (size before relaxing)
 .debug_str     0x0009a126       0x5e ./system/src/cortexm/_initialize_hardware.o
                              0x96668 (size before relaxing)
 .debug_str     0x0009a184      0x19d ./system/src/cortexm/exception_handlers.o
                              0x97a11 (size before relaxing)
 .debug_str     0x0009a321       0x46 ./system/src/cmsis/system_stm32f4xx.o
                              0x96747 (size before relaxing)
 .debug_str     0x0009a367       0x59 ./system/src/cmsis/vectors_stm32f407xx.o
                               0x309a (size before relaxing)
 .debug_str     0x0009a3c0       0x31 ./src/_initialize_hardware.o
                              0x9684d (size before relaxing)
 .debug_str     0x0009a3f1      0x134 ./src/main.o
                               0x7701 (size before relaxing)
 .debug_str     0x0009a525       0x3d ./src/stm32f4xx_hal_msp.o
                              0x965a7 (size before relaxing)

.debug_loc      0x00000000     0x1747
 *(.debug_loc)
 .debug_loc     0x00000000       0x92 ./system/src/stm32f4-hal/stm32f4xx_hal.o
 .debug_loc     0x00000092      0x580 ./system/src/stm32f4-hal/stm32f4xx_hal_cortex.o
 .debug_loc     0x00000612      0x57a ./system/src/stm32f4-hal/stm32f4xx_hal_rcc.o
 .debug_loc     0x00000b8c       0x82 ./system/src/newlib/_sbrk.o
 .debug_loc     0x00000c0e      0x36e ./system/src/newlib/_startup.o
 .debug_loc     0x00000f7c       0x63 ./system/src/newlib/_syscalls.o
 .debug_loc     0x00000fdf      0x110 ./system/src/newlib/assert.o
 .debug_loc     0x000010ef      0x102 ./system/src/diag/Trace.o
 .debug_loc     0x000011f1      0x17c ./system/src/diag/trace_impl.o
 .debug_loc     0x0000136d      0x2a8 ./system/src/cortexm/exception_handlers.o
 .debug_loc     0x00001615      0x132 ./system/src/cmsis/system_stm32f4xx.o

.debug_macinfo
 *(.debug_macinfo)

.debug_weaknames
 *(.debug_weaknames)

.debug_funcnames
 *(.debug_funcnames)

.debug_typenames
 *(.debug_typenames)

.debug_varnames
 *(.debug_varnames)
OUTPUT(lib.elf elf32-littlearm)

.debug_ranges   0x00000000      0x3c8
 .debug_ranges  0x00000000       0xb0 ./system/src/stm32f4-hal/stm32f4xx_hal.o
 .debug_ranges  0x000000b0       0x88 ./system/src/stm32f4-hal/stm32f4xx_hal_cortex.o
 .debug_ranges  0x00000138       0x78 ./system/src/stm32f4-hal/stm32f4xx_hal_rcc.o
 .debug_ranges  0x000001b0       0x18 ./system/src/newlib/_exit.o
 .debug_ranges  0x000001c8       0x10 ./system/src/newlib/_sbrk.o
 .debug_ranges  0x000001d8       0x30 ./system/src/newlib/_startup.o
 .debug_ranges  0x00000208       0x20 ./system/src/newlib/_syscalls.o
 .debug_ranges  0x00000228       0x18 ./system/src/newlib/assert.o
 .debug_ranges  0x00000240       0x28 ./system/src/diag/Trace.o
 .debug_ranges  0x00000268       0x38 ./system/src/diag/trace_impl.o
 .debug_ranges  0x000002a0       0x18 ./system/src/cortexm/_initialize_hardware.o
 .debug_ranges  0x000002b8       0x98 ./system/src/cortexm/exception_handlers.o
 .debug_ranges  0x00000350       0x18 ./system/src/cmsis/system_stm32f4xx.o
 .debug_ranges  0x00000368       0x10 ./system/src/cmsis/vectors_stm32f407xx.o
 .debug_ranges  0x00000378       0x18 ./src/_initialize_hardware.o
 .debug_ranges  0x00000390       0x10 ./src/main.o
 .debug_ranges  0x000003a0       0x28 ./src/stm32f4xx_hal_msp.o

.debug_macro    0x00000000    0x1b120
 .debug_macro   0x00000000      0x540 ./system/src/stm32f4-hal/stm32f4xx_hal.o
 .debug_macro   0x00000540      0x898 ./system/src/stm32f4-hal/stm32f4xx_hal.o
 .debug_macro   0x00000dd8      0x289 ./system/src/stm32f4-hal/stm32f4xx_hal.o
 .debug_macro   0x00001061       0x31 ./system/src/stm32f4-hal/stm32f4xx_hal.o
 .debug_macro   0x00001092       0x28 ./system/src/stm32f4-hal/stm32f4xx_hal.o
 .debug_macro   0x000010ba      0x34e ./system/src/stm32f4-hal/stm32f4xx_hal.o
 .debug_macro   0x00001408       0x35 ./system/src/stm32f4-hal/stm32f4xx_hal.o
 .debug_macro   0x0000143d       0x50 ./system/src/stm32f4-hal/stm32f4xx_hal.o
 .debug_macro   0x0000148d      0xe66 ./system/src/stm32f4-hal/stm32f4xx_hal.o
 .debug_macro   0x000022f3     0x93f9 ./system/src/stm32f4-hal/stm32f4xx_hal.o
 .debug_macro   0x0000b6ec       0x43 ./system/src/stm32f4-hal/stm32f4xx_hal.o
 .debug_macro   0x0000b72f     0x347f ./system/src/stm32f4-hal/stm32f4xx_hal.o
 .debug_macro   0x0000ebae       0x22 ./system/src/stm32f4-hal/stm32f4xx_hal.o
 .debug_macro   0x0000ebd0       0x4c ./system/src/stm32f4-hal/stm32f4xx_hal.o
 .debug_macro   0x0000ec1c       0x8d ./system/src/stm32f4-hal/stm32f4xx_hal.o
 .debug_macro   0x0000eca9       0x35 ./system/src/stm32f4-hal/stm32f4xx_hal.o
 .debug_macro   0x0000ecde       0x9c ./system/src/stm32f4-hal/stm32f4xx_hal.o
 .debug_macro   0x0000ed7a       0x16 ./system/src/stm32f4-hal/stm32f4xx_hal.o
 .debug_macro   0x0000ed90       0x4a ./system/src/stm32f4-hal/stm32f4xx_hal.o
 .debug_macro   0x0000edda       0x97 ./system/src/stm32f4-hal/stm32f4xx_hal.o
 .debug_macro   0x0000ee71      0x30d ./system/src/stm32f4-hal/stm32f4xx_hal.o
 .debug_macro   0x0000f17e       0xfd ./system/src/stm32f4-hal/stm32f4xx_hal.o
 .debug_macro   0x0000f27b       0x10 ./system/src/stm32f4-hal/stm32f4xx_hal.o
 .debug_macro   0x0000f28b       0x52 ./system/src/stm32f4-hal/stm32f4xx_hal.o
 .debug_macro   0x0000f2dd       0x1f ./system/src/stm32f4-hal/stm32f4xx_hal.o
 .debug_macro   0x0000f2fc       0x43 ./system/src/stm32f4-hal/stm32f4xx_hal.o
 .debug_macro   0x0000f33f       0x20 ./system/src/stm32f4-hal/stm32f4xx_hal.o
 .debug_macro   0x0000f35f      0x187 ./system/src/stm32f4-hal/stm32f4xx_hal.o
 .debug_macro   0x0000f4e6       0x10 ./system/src/stm32f4-hal/stm32f4xx_hal.o
 .debug_macro   0x0000f4f6       0x5e ./system/src/stm32f4-hal/stm32f4xx_hal.o
 .debug_macro   0x0000f554       0x1c ./system/src/stm32f4-hal/stm32f4xx_hal.o
 .debug_macro   0x0000f570       0x52 ./system/src/stm32f4-hal/stm32f4xx_hal.o
 .debug_macro   0x0000f5c2       0x40 ./system/src/stm32f4-hal/stm32f4xx_hal.o
 .debug_macro   0x0000f602       0x10 ./system/src/stm32f4-hal/stm32f4xx_hal.o
 .debug_macro   0x0000f612       0x40 ./system/src/stm32f4-hal/stm32f4xx_hal.o
 .debug_macro   0x0000f652       0xd7 ./system/src/stm32f4-hal/stm32f4xx_hal.o
 .debug_macro   0x0000f729       0x16 ./system/src/stm32f4-hal/stm32f4xx_hal.o
 .debug_macro   0x0000f73f      0x18b ./system/src/stm32f4-hal/stm32f4xx_hal.o
 .debug_macro   0x0000f8ca       0x57 ./system/src/stm32f4-hal/stm32f4xx_hal.o
 .debug_macro   0x0000f921      0x964 ./system/src/stm32f4-hal/stm32f4xx_hal.o
 .debug_macro   0x00010285      0x9e1 ./system/src/stm32f4-hal/stm32f4xx_hal.o
 .debug_macro   0x00010c66      0x11e ./system/src/stm32f4-hal/stm32f4xx_hal.o
 .debug_macro   0x00010d84      0x13e ./system/src/stm32f4-hal/stm32f4xx_hal.o
 .debug_macro   0x00010ec2       0x27 ./system/src/stm32f4-hal/stm32f4xx_hal.o
 .debug_macro   0x00010ee9      0x287 ./system/src/stm32f4-hal/stm32f4xx_hal.o
 .debug_macro   0x00011170       0x5f ./system/src/stm32f4-hal/stm32f4xx_hal.o
 .debug_macro   0x000111cf      0x23a ./system/src/stm32f4-hal/stm32f4xx_hal.o
 .debug_macro   0x00011409      0x391 ./system/src/stm32f4-hal/stm32f4xx_hal.o
 .debug_macro   0x0001179a      0x16f ./system/src/stm32f4-hal/stm32f4xx_hal.o
 .debug_macro   0x00011909       0xf9 ./system/src/stm32f4-hal/stm32f4xx_hal.o
 .debug_macro   0x00011a02      0x36e ./system/src/stm32f4-hal/stm32f4xx_hal.o
 .debug_macro   0x00011d70       0x23 ./system/src/stm32f4-hal/stm32f4xx_hal.o
 .debug_macro   0x00011d93       0xe6 ./system/src/stm32f4-hal/stm32f4xx_hal.o
 .debug_macro   0x00011e79       0xa1 ./system/src/stm32f4-hal/stm32f4xx_hal.o
 .debug_macro   0x00011f1a       0x3c ./system/src/stm32f4-hal/stm32f4xx_hal.o
 .debug_macro   0x00011f56       0x1f ./system/src/stm32f4-hal/stm32f4xx_hal.o
 .debug_macro   0x00011f75      0x1cd ./system/src/stm32f4-hal/stm32f4xx_hal.o
 .debug_macro   0x00012142      0xcd6 ./system/src/stm32f4-hal/stm32f4xx_hal.o
 .debug_macro   0x00012e18      0x13a ./system/src/stm32f4-hal/stm32f4xx_hal.o
 .debug_macro   0x00012f52      0x21e ./system/src/stm32f4-hal/stm32f4xx_hal.o
 .debug_macro   0x00013170       0x2e ./system/src/stm32f4-hal/stm32f4xx_hal.o
 .debug_macro   0x0001319e      0x543 ./system/src/stm32f4-hal/stm32f4xx_hal.o
 .debug_macro   0x000136e1       0x88 ./system/src/stm32f4-hal/stm32f4xx_hal.o
 .debug_macro   0x00013769       0xd5 ./system/src/stm32f4-hal/stm32f4xx_hal.o
 .debug_macro   0x0001383e      0x183 ./system/src/stm32f4-hal/stm32f4xx_hal.o
 .debug_macro   0x000139c1      0x1a7 ./system/src/stm32f4-hal/stm32f4xx_hal.o
 .debug_macro   0x00013b68       0xa5 ./system/src/stm32f4-hal/stm32f4xx_hal.o
 .debug_macro   0x00013c0d      0x18b ./system/src/stm32f4-hal/stm32f4xx_hal.o
 .debug_macro   0x00013d98       0x24 ./system/src/stm32f4-hal/stm32f4xx_hal.o
 .debug_macro   0x00013dbc       0x35 ./system/src/stm32f4-hal/stm32f4xx_hal.o
 .debug_macro   0x00013df1       0x79 ./system/src/stm32f4-hal/stm32f4xx_hal.o
 .debug_macro   0x00013e6a      0x11e ./system/src/stm32f4-hal/stm32f4xx_hal.o
 .debug_macro   0x00013f88       0x7f ./system/src/stm32f4-hal/stm32f4xx_hal.o
 .debug_macro   0x00014007       0x89 ./system/src/stm32f4-hal/stm32f4xx_hal.o
 .debug_macro   0x00014090       0x7e ./system/src/stm32f4-hal/stm32f4xx_hal.o
 .debug_macro   0x0001410e      0x31a ./system/src/stm32f4-hal/stm32f4xx_hal.o
 .debug_macro   0x00014428      0x409 ./system/src/stm32f4-hal/stm32f4xx_hal.o
 .debug_macro   0x00014831       0xe4 ./system/src/stm32f4-hal/stm32f4xx_hal.o
 .debug_macro   0x00014915      0x48d ./system/src/stm32f4-hal/stm32f4xx_hal.o
 .debug_macro   0x00014da2      0x22b ./system/src/stm32f4-hal/stm32f4xx_hal.o
 .debug_macro   0x00014fcd      0x202 ./system/src/stm32f4-hal/stm32f4xx_hal.o
 .debug_macro   0x000151cf      0x6d9 ./system/src/stm32f4-hal/stm32f4xx_hal.o
 .debug_macro   0x000158a8       0x5b ./system/src/stm32f4-hal/stm32f4xx_hal.o
 .debug_macro   0x00015903      0x14d ./system/src/stm32f4-hal/stm32f4xx_hal.o
 .debug_macro   0x00015a50      0x287 ./system/src/stm32f4-hal/stm32f4xx_hal.o
 .debug_macro   0x00015cd7      0x225 ./system/src/stm32f4-hal/stm32f4xx_hal.o
 .debug_macro   0x00015efc      0x1b5 ./system/src/stm32f4-hal/stm32f4xx_hal.o
 .debug_macro   0x000160b1      0x2db ./system/src/stm32f4-hal/stm32f4xx_hal.o
 .debug_macro   0x0001638c       0x89 ./system/src/stm32f4-hal/stm32f4xx_hal.o
 .debug_macro   0x00016415      0x1df ./system/src/stm32f4-hal/stm32f4xx_hal.o
 .debug_macro   0x000165f4      0x115 ./system/src/stm32f4-hal/stm32f4xx_hal.o
 .debug_macro   0x00016709       0x6e ./system/src/stm32f4-hal/stm32f4xx_hal.o
 .debug_macro   0x00016777      0x125 ./system/src/stm32f4-hal/stm32f4xx_hal.o
 .debug_macro   0x0001689c      0x4f2 ./system/src/stm32f4-hal/stm32f4xx_hal_cortex.o
 .debug_macro   0x00016d8e      0x51c ./system/src/stm32f4-hal/stm32f4xx_hal_rcc.o
 .debug_macro   0x000172aa      0x19c ./system/src/newlib/_exit.o
 .debug_macro   0x00017446      0x10e ./system/src/newlib/_exit.o
 .debug_macro   0x00017554       0x8d ./system/src/newlib/_exit.o
 .debug_macro   0x000175e1       0x35 ./system/src/newlib/_exit.o
 .debug_macro   0x00017616      0x151 ./system/src/newlib/_sbrk.o
 .debug_macro   0x00017767      0x174 ./system/src/newlib/_sbrk.o
 .debug_macro   0x000178db       0x10 ./system/src/newlib/_sbrk.o
 .debug_macro   0x000178eb      0x23b ./system/src/newlib/_sbrk.o
 .debug_macro   0x00017b26      0x15b ./system/src/newlib/_startup.o
 .debug_macro   0x00017c81      0x89e ./system/src/newlib/_startup.o
 .debug_macro   0x0001851f      0x1ff ./system/src/newlib/_syscalls.o
 .debug_macro   0x0001871e       0x1c ./system/src/newlib/_syscalls.o
 .debug_macro   0x0001873a       0x10 ./system/src/newlib/_syscalls.o
 .debug_macro   0x0001874a       0x10 ./system/src/newlib/_syscalls.o
 .debug_macro   0x0001875a       0x10 ./system/src/newlib/_syscalls.o
 .debug_macro   0x0001876a       0x35 ./system/src/newlib/_syscalls.o
 .debug_macro   0x0001879f      0x122 ./system/src/newlib/_syscalls.o
 .debug_macro   0x000188c1       0x88 ./system/src/newlib/_syscalls.o
 .debug_macro   0x00018949       0x2b ./system/src/newlib/_syscalls.o
 .debug_macro   0x00018974      0x118 ./system/src/newlib/_syscalls.o
 .debug_macro   0x00018a8c      0x159 ./system/src/newlib/_syscalls.o
 .debug_macro   0x00018be5       0x16 ./system/src/newlib/_syscalls.o
 .debug_macro   0x00018bfb      0x1b8 ./system/src/newlib/assert.o
 .debug_macro   0x00018db3       0x1c ./system/src/newlib/assert.o
 .debug_macro   0x00018dcf      0x1d9 ./system/src/diag/Trace.o
 .debug_macro   0x00018fa8       0x4c ./system/src/diag/Trace.o
 .debug_macro   0x00018ff4       0x16 ./system/src/diag/Trace.o
 .debug_macro   0x0001900a      0x538 ./system/src/diag/trace_impl.o
 .debug_macro   0x00019542       0x22 ./system/src/diag/trace_impl.o
 .debug_macro   0x00019564      0x4fc ./system/src/cortexm/_initialize_hardware.o
 .debug_macro   0x00019a60      0x55b ./system/src/cortexm/exception_handlers.o
 .debug_macro   0x00019fbb       0x3b ./system/src/cortexm/exception_handlers.o
 .debug_macro   0x00019ff6      0x4f8 ./system/src/cmsis/system_stm32f4xx.o
 .debug_macro   0x0001a4ee       0x34 ./system/src/cmsis/vectors_stm32f407xx.o
 .debug_macro   0x0001a522      0x4f2 ./src/_initialize_hardware.o
 .debug_macro   0x0001aa14      0x1e6 ./src/main.o
 .debug_macro   0x0001abfa       0x34 ./src/main.o
 .debug_macro   0x0001ac2e      0x4f2 ./src/stm32f4xx_hal_msp.o
